
> ead-igepps@1.0.0 build
> next build

node.exe : [baseline-browser-mapping] The data in this module is over two 
months old.  To ensure accurate Baseline data, please update: `npm i 
baseline-browser-mapping@latest -D`
No linha:1 caractere:1
+ & "C:\Program Files\nodejs/node.exe" "C:\Program Files\nodejs/node_mo ...
+ ~~~~~~~~~~~~~~~~~~~~~~~~~~~~~~~~~~~~~~~~~~~~~~~~~~~~~~~~~~~~~~~~~~~~~
    + CategoryInfo          : NotSpecified: ([baseline-brows...ping@latest -D` 
   :String) [], RemoteException
    + FullyQualifiedErrorId : NativeCommandError
 
   Ôû▓ Next.js 16.0.8 (Turbopack)
   - Environments: .env.local

   Running TypeScript ...
   Creating an optimized production build ...
[baseline-browser-mapping] The data in this module is over two months old.  To 
ensure accurate Baseline data, please update: `npm i 
baseline-browser-mapping@latest -D`
[baseline-browser-mapping] The data in this module is over two months old.  To 
ensure accurate Baseline data, please update: `npm i 
baseline-browser-mapping@latest -D`
Browserslist: browsers data (caniuse-lite) is 6 months old. Please run:
  npx update-browserslist-db@latest
  Why you should do it regularly: 
https://github.com/browserslist/update-db#readme
 Ô£ô Compiled successfully in 11.1s
   Collecting page data using 15 workers ...
[baseline-browser-mapping] The data in this module is over two months old.  To 
ensure accurate Baseline data, please update: `npm i 
baseline-browser-mapping@latest -D`
[baseline-browser-mapping] The data in this module is over two months old.  To 
ensure accurate Baseline data, please update: `npm i 
baseline-browser-mapping@latest -D`
[baseline-browser-mapping] The data in this module is over two months old.  To 
ensure accurate Baseline data, please update: `npm i 
baseline-browser-mapping@latest -D`
[baseline-browser-mapping] The data in this module is over two months old.  To 
ensure accurate Baseline data, please update: `npm i 
baseline-browser-mapping@latest -D`
[baseline-browser-mapping] The data in this module is over two months old.  To 
ensure accurate Baseline data, please update: `npm i 
baseline-browser-mapping@latest -D`
[baseline-browser-mapping] The data in this module is over two months old.  To 
ensure accurate Baseline data, please update: `npm i 
baseline-browser-mapping@latest -D`
[baseline-browser-mapping] The data in this module is over two months old.  To 
ensure accurate Baseline data, please update: `npm i 
baseline-browser-mapping@latest -D`
[baseline-browser-mapping] The data in this module is over two months old.  To 
ensure accurate Baseline data, please update: `npm i 
baseline-browser-mapping@latest -D`
[baseline-browser-mapping] The data in this module is over two months old.  To 
ensure accurate Baseline data, please update: `npm i 
baseline-browser-mapping@latest -D`
[baseline-browser-mapping] The data in this module is over two months old.  To 
ensure accurate Baseline data, please update: `npm i 
baseline-browser-mapping@latest -D`
[baseline-browser-mapping] The data in this module is over two months old.  To 
ensure accurate Baseline data, please update: `npm i 
baseline-browser-mapping@latest -D`
[baseline-browser-mapping] The data in this module is over two months old.  To 
ensure accurate Baseline data, please update: `npm i 
baseline-browser-mapping@latest -D`
[baseline-browser-mapping] The data in this module is over two months old.  To 
ensure accurate Baseline data, please update: `npm i 
baseline-browser-mapping@latest -D`
[baseline-browser-mapping] The data in this module is over two months old.  To 
ensure accurate Baseline data, please update: `npm i 
baseline-browser-mapping@latest -D`
[baseline-browser-mapping] The data in this module is over two months old.  To 
ensure accurate Baseline data, please update: `npm i 
baseline-browser-mapping@latest -D`
   Generating static pages using 15 workers (0/88) ...
[baseline-browser-mapping] The data in this module is over two months old.  To 
ensure accurate Baseline data, please update: `npm i 
baseline-browser-mapping@latest -D`
[baseline-browser-mapping] The data in this module is over two months old.  To 
ensure accurate Baseline data, please update: `npm i 
baseline-browser-mapping@latest -D`
[baseline-browser-mapping] The data in this module is over two months old.  To 
ensure accurate Baseline data, please update: `npm i 
baseline-browser-mapping@latest -D`
[baseline-browser-mapping] The data in this module is over two months old.  To 
ensure accurate Baseline data, please update: `npm i 
baseline-browser-mapping@latest -D`
   Generating static pages using 15 workers (22/88) 
   Generating static pages using 15 workers (44/88) 
   Generating static pages using 15 workers (66/88) 
 Ô£ô Generating static pages using 15 workers (88/88) in 1664.3ms
   Finalizing page optimization ...

Route (pages)
Ôöî Ôùï /
Ôö£   /_app
Ôö£ Ôùï /404
Ôö£ Ôùï /admin-financeiro
Ôö£ Ôùï /admin-financeiro/alunos
Ôö£ Ôùï /admin-financeiro/carnes (308 ms)
Ôö£ Ôùï /admin-financeiro/clientes (309 ms)
Ôö£ Ôùï /admin-financeiro/convenios
Ôö£ Ôùï /admin-financeiro/create-carne
Ôö£ Ôùï /admin-financeiro/create-ordem
Ôö£ Ôùï /admin-financeiro/ordens (312 ms)
Ôö£ Ôùï /admin/alunos
Ôö£ Ôùï /admin/alunos/[id] (312 ms)
Ôö£ Ôùï /admin/alunos/contrato/[id] (309 ms)
Ôö£ Ôùï /admin/alunos/novo
Ôö£ Ôùï /admin/anos-letivos
Ôö£ Ôùï /admin/atividades-complementares (309 ms)
Ôö£ Ôùï /admin/avaliacoes
Ôö£ Ôùï /admin/blog (309 ms)
Ôö£ Ôùï /admin/calendario-aulas
Ôö£ Ôùï /admin/configuracoes
Ôö£ Ôùï /admin/configuracoes/campanhas (308 ms)
Ôö£ Ôùï /admin/configuracoes/certificado-digital
Ôö£ Ôùï /admin/configuracoes/diploma-digital
Ôö£ Ôùï /admin/configuracoes/empresa
Ôö£ Ôùï /admin/configuracoes/matriculadores
Ôö£ Ôùï /admin/configuracoes/rematricula
Ôö£ Ôùï /admin/configuracoes/solicitacoes
Ôö£ Ôùï /admin/configuracoes/usuarios
Ôö£ Ôùï /admin/contas-bancarias
Ôö£ Ôùï /admin/cursos
Ôö£ Ôùï /admin/cursos/[id]
Ôö£ Ôùï /admin/cursos/novo
Ôö£ Ôùï /admin/dashboard
Ôö£ Ôùï /admin/disciplinas
Ôö£ Ôùï /admin/disciplinas/[id]
Ôö£ Ôùï /admin/disciplinas/grades
Ôö£ Ôùï /admin/disciplinas/novo
Ôö£ Ôùï /admin/documentos
Ôö£ Ôùï /admin/editar-perfil
Ôö£ Ôùï /admin/emails
Ôö£ Ôùï /admin/forum
Ôö£ Ôùï /admin/funcionarios
Ôö£ Ôùï /admin/funcionarios/[id]
Ôö£ Ôùï /admin/funcionarios/novo
Ôö£ Ôùï /admin/livro-registro
Ôö£ Ôùï /admin/notas-faltas
Ôö£ Ôùï /admin/notas-faltas/[id]
Ôö£ Ôùï /admin/notas-faltas/novo
Ôö£ Ôùï /admin/planejamento-diario
Ôö£ Ôùï /admin/planejamento-diario/[id]
Ôö£ Ôùï /admin/planejamento-diario/novo
Ôö£ Ôùï /admin/professores
Ôö£ Ôùï /admin/professores/[id]
Ôö£ Ôùï /admin/professores/novo
Ôö£ Ôùï /admin/responsaveis
Ôö£ Ôùï /admin/responsaveis/[id]
Ôö£ Ôùï /admin/responsaveis/novo
Ôö£ Ôùï /admin/slider
Ôö£ Ôùï /admin/solicitacoes
Ôö£ Ôùï /admin/turmas
Ôö£ Ôùï /admin/turmas/[id]
Ôö£ Ôùï /admin/turmas/novo
Ôö£ Ôùï /admin/unidades
Ôö£ Ôùï /admin/unidades/[id]
Ôö£ Ôùï /admin/unidades/novo
Ôö£ Ôùï /admin/usuarios
Ôö£ Ôùï /aluno/dashboard
Ôö£ Ôùï /aluno/forum
Ôö£ Ôùï /aluno/home
Ôö£ ãÆ /api/admin-financeiro/aluno-ordens/[id]
Ôö£ ãÆ /api/admin-financeiro/alunos
Ôö£ ãÆ /api/admin-financeiro/alunos/[id]
Ôö£ ãÆ /api/admin-financeiro/carnes
Ôö£ ãÆ /api/admin-financeiro/clientes
Ôö£ ãÆ /api/admin-financeiro/convenios
Ôö£ ãÆ /api/admin-financeiro/convenios/[id]
Ôö£ ãÆ /api/admin-financeiro/dashboard
Ôö£ ãÆ /api/admin-financeiro/efi/carne
Ôö£ ãÆ /api/admin-financeiro/efi/cobranca
Ôö£ ãÆ /api/admin-financeiro/efi/webhook
Ôö£ ãÆ /api/admin-financeiro/ordens
Ôö£ ãÆ /api/admin-financeiro/ordens/create
Ôö£ ãÆ /api/admin-financeiro/recibo/[ordemId]
Ôö£ ãÆ /api/alunos
Ôö£ ãÆ /api/alunos/[id]
Ôö£ ãÆ /api/alunos/supabase
Ôö£ ãÆ /api/atividades-complementares
Ôö£ ãÆ /api/atividades-complementares/[id]
Ôö£ ãÆ /api/auth/login
Ôö£ ãÆ /api/auth/logout
Ôö£ ãÆ /api/avaliacoes
Ôö£ ãÆ /api/configuracoes/anos-letivos
Ôö£ ãÆ /api/configuracoes/campanhas
Ôö£ ãÆ /api/configuracoes/diploma-digital
Ôö£ ãÆ /api/configuracoes/empresa
Ôö£ ãÆ /api/configuracoes/matriculadores
Ôö£ ãÆ /api/configuracoes/rematricula
Ôö£ ãÆ /api/configuracoes/solicitacoes
Ôö£ ãÆ /api/configuracoes/solicitacoes/[id]
Ôö£ ãÆ /api/configuracoes/usuarios
Ôö£ ãÆ /api/contratos/_shared
Ôö£ ãÆ /api/contratos/[id]
Ôö£ ãÆ /api/contratos/[id]/padrao
Ôö£ ãÆ /api/contratos/aluno/[id]
Ôö£ ãÆ /api/contratos/aluno/[id]/assinar-digital
Ôö£ ãÆ /api/contratos/aluno/[id]/assinatura-status
Ôö£ ãÆ /api/cursos
Ôö£ ãÆ /api/cursos/[id]
Ôö£ ãÆ /api/disciplinas
Ôö£ ãÆ /api/disciplinas/[id]
Ôö£ ãÆ /api/documentos
Ôö£ ãÆ /api/enviar-email
Ôö£ ãÆ /api/forum
Ôö£ ãÆ /api/funcionarios
Ôö£ ãÆ /api/funcionarios/[id]
Ôö£ ãÆ /api/grades
Ôö£ ãÆ /api/grades/[id]
Ôö£ ãÆ /api/instituicoes
Ôö£ ãÆ /api/instituicoes/[id]
Ôö£ ãÆ /api/instituicoes/[id]/contratos
Ôö£ ãÆ /api/livro-registro
Ôö£ ãÆ /api/livro-registro/[id]
Ôö£ ãÆ /api/notas-faltas
Ôö£ ãÆ /api/notas-faltas/[id]
Ôö£ ãÆ /api/noticias
Ôö£ ãÆ /api/planejamento-diario
Ôö£ ãÆ /api/planejamento-diario/[id]
Ôö£ ãÆ /api/professores
Ôö£ ãÆ /api/professores/[id]
Ôö£ ãÆ /api/responsaveis
Ôö£ ãÆ /api/responsaveis/_shared
Ôö£ ãÆ /api/responsaveis/[id]
Ôö£ ãÆ /api/slider
Ôö£ ãÆ /api/test-alunos
Ôö£ ãÆ /api/turmas
Ôö£ ãÆ /api/turmas/[id]
Ôö£ ãÆ /api/turmas/opcoes
Ôö£ ãÆ /api/unidades
Ôö£ ãÆ /api/unidades/[id]
Ôö£ ãÆ /api/upload-foto
Ôö£ ãÆ /api/upload-material
Ôö£ ãÆ /api/upload-slider
Ôö£ ãÆ /api/upload-thumbnail
Ôö£ ãÆ /api/usuarios
Ôö£ ãÆ /api/usuarios/alterar-senha
Ôö£ ãÆ /api/usuarios/atualizar-perfil
Ôö£ Ôùï /assistir/[cursoId]
Ôö£ Ôùï /curso-estatico/[id]
Ôö£ Ôùï /curso/[id]
Ôö£ Ôùï /dashboard
Ôö£ Ôùï /dashboard_ead
Ôö£ Ôùï /dashboard-test
Ôö£ Ôùï /ead_creeser
Ôö£ Ôùï /ead_creeser_login
Ôö£ Ôùï /enviar-documentos
Ôö£ Ôùï /login
Ôö£ Ôùï /noticia/[id]
Ôö£ Ôùï /politica-de-privacidade
Ôö£ Ôùï /politica-privacidade
Ôö£ Ôùï /professor/dashboard
Ôö£ Ôùï /termos-de-uso
Ôö£ Ôùï /test-redirect
Ôö£ Ôùï /teste-refatoracao
Ôöö Ôùï /teste-supabase

Ôùï  (Static)   prerendered as static content
ãÆ  (Dynamic)  server-rendered on demand

