
> ead-igepps@1.0.0 build
> next build

   Ôû▓ Next.js 16.0.8 (Turbopack)
   - Environments: .env.local

   Running TypeScript ...
   Creating an optimized production build ...
node.exe : [baseline-browser-mapping] The data in this module is over two months old.  To ensure accurate 
Baseline data, please update: `npm i baseline-browser-mapping@latest -D`
No linha:1 caractere:1
+ & "C:\Program Files\nodejs/node.exe" "C:\Program Files\nodejs/node_mo ...
+ ~~~~~~~~~~~~~~~~~~~~~~~~~~~~~~~~~~~~~~~~~~~~~~~~~~~~~~~~~~~~~~~~~~~~~
    + CategoryInfo          : NotSpecified: ([baseline-brows...ping@latest -D`:String) [], RemoteException
    + FullyQualifiedErrorId : NativeCommandError
 
 Ô£ô Compiled successfully in 5.2s
   Collecting page data using 15 workers ...
ReferenceError: visualizacao is not defined
    at instantiateModule (C:\BACKUP\DESENVOLVIMENTO\CREESER 
EDUCACIONAL\creeser\.next\server\chunks\ssr\[turbopack]_runtime.js:715:9)
    at instantiateRuntimeModule (C:\BACKUP\DESENVOLVIMENTO\CREESER 
EDUCACIONAL\creeser\.next\server\chunks\ssr\[turbopack]_runtime.js:743:12)
    at getOrInstantiateRuntimeModule (C:\BACKUP\DESENVOLVIMENTO\CREESER 
EDUCACIONAL\creeser\.next\server\chunks\ssr\[turbopack]_runtime.js:756:12)
    at Object.m (C:\BACKUP\DESENVOLVIMENTO\CREESER 
EDUCACIONAL\creeser\.next\server\chunks\ssr\[turbopack]_runtime.js:765:18)
    at Object.<anonymous> (C:\BACKUP\DESENVOLVIMENTO\CREESER 
EDUCACIONAL\creeser\.next\server\pages\admin\emails.js:12:3)

> Build error occurred
Error: Failed to collect page data for /admin/emails
    at ignore-listed frames {
  type: 'Error'
}
